// Jest Snapshot v1, https://goo.gl/fbAQLP

exports[`Account Container should render correctly 1`] = `
<div>
  <h2>
    Pokemon Goes Here
  </h2>
</div>
`;
